------------------------------------------------------------
Timing Analyzer Summary
------------------------------------------------------------

Type  : Slow 1200mV 85C Model Setup 'clk'
Slack : -6.478
TNS   : -497.264

Type  : Slow 1200mV 85C Model Setup 'VGA_controller:vga|clk_b'
Slack : -5.417
TNS   : -144.786

Type  : Slow 1200mV 85C Model Setup 'pclk'
Slack : -3.040
TNS   : -107.759

Type  : Slow 1200mV 85C Model Setup 'Memoria:frame_buffer|clk_cam'
Slack : -1.502
TNS   : -16.544

Type  : Slow 1200mV 85C Model Hold 'pclk'
Slack : 0.378
TNS   : 0.000

Type  : Slow 1200mV 85C Model Hold 'clk'
Slack : 0.562
TNS   : 0.000

Type  : Slow 1200mV 85C Model Hold 'VGA_controller:vga|clk_b'
Slack : 0.596
TNS   : 0.000

Type  : Slow 1200mV 85C Model Hold 'Memoria:frame_buffer|clk_cam'
Slack : 0.927
TNS   : 0.000

Type  : Slow 1200mV 85C Model Minimum Pulse Width 'clk'
Slack : -3.000
TNS   : -529.121

Type  : Slow 1200mV 85C Model Minimum Pulse Width 'pclk'
Slack : -3.000
TNS   : -67.538

Type  : Slow 1200mV 85C Model Minimum Pulse Width 'VGA_controller:vga|clk_b'
Slack : -1.403
TNS   : -74.359

Type  : Slow 1200mV 85C Model Minimum Pulse Width 'Memoria:frame_buffer|clk_cam'
Slack : -1.403
TNS   : -28.060

Type  : Slow 1200mV 0C Model Setup 'clk'
Slack : -5.829
TNS   : -437.631

Type  : Slow 1200mV 0C Model Setup 'VGA_controller:vga|clk_b'
Slack : -4.914
TNS   : -128.362

Type  : Slow 1200mV 0C Model Setup 'pclk'
Slack : -2.697
TNS   : -95.540

Type  : Slow 1200mV 0C Model Setup 'Memoria:frame_buffer|clk_cam'
Slack : -1.458
TNS   : -16.404

Type  : Slow 1200mV 0C Model Hold 'pclk'
Slack : 0.339
TNS   : 0.000

Type  : Slow 1200mV 0C Model Hold 'clk'
Slack : 0.517
TNS   : 0.000

Type  : Slow 1200mV 0C Model Hold 'VGA_controller:vga|clk_b'
Slack : 0.560
TNS   : 0.000

Type  : Slow 1200mV 0C Model Hold 'Memoria:frame_buffer|clk_cam'
Slack : 0.985
TNS   : 0.000

Type  : Slow 1200mV 0C Model Minimum Pulse Width 'clk'
Slack : -3.000
TNS   : -512.211

Type  : Slow 1200mV 0C Model Minimum Pulse Width 'pclk'
Slack : -3.000
TNS   : -67.538

Type  : Slow 1200mV 0C Model Minimum Pulse Width 'VGA_controller:vga|clk_b'
Slack : -1.403
TNS   : -74.359

Type  : Slow 1200mV 0C Model Minimum Pulse Width 'Memoria:frame_buffer|clk_cam'
Slack : -1.403
TNS   : -28.060

Type  : Fast 1200mV 0C Model Setup 'clk'
Slack : -2.096
TNS   : -95.355

Type  : Fast 1200mV 0C Model Setup 'VGA_controller:vga|clk_b'
Slack : -1.964
TNS   : -35.427

Type  : Fast 1200mV 0C Model Setup 'pclk'
Slack : -0.645
TNS   : -19.589

Type  : Fast 1200mV 0C Model Setup 'Memoria:frame_buffer|clk_cam'
Slack : 0.102
TNS   : 0.000

Type  : Fast 1200mV 0C Model Hold 'Memoria:frame_buffer|clk_cam'
Slack : 0.138
TNS   : 0.000

Type  : Fast 1200mV 0C Model Hold 'pclk'
Slack : 0.166
TNS   : 0.000

Type  : Fast 1200mV 0C Model Hold 'clk'
Slack : 0.210
TNS   : 0.000

Type  : Fast 1200mV 0C Model Hold 'VGA_controller:vga|clk_b'
Slack : 0.236
TNS   : 0.000

Type  : Fast 1200mV 0C Model Minimum Pulse Width 'clk'
Slack : -3.000
TNS   : -258.545

Type  : Fast 1200mV 0C Model Minimum Pulse Width 'pclk'
Slack : -3.000
TNS   : -57.365

Type  : Fast 1200mV 0C Model Minimum Pulse Width 'VGA_controller:vga|clk_b'
Slack : -1.000
TNS   : -53.000

Type  : Fast 1200mV 0C Model Minimum Pulse Width 'Memoria:frame_buffer|clk_cam'
Slack : -1.000
TNS   : -20.000

------------------------------------------------------------
